[pristavkaa2.solarserenade.uno/index.html]
[pristavkaa2.solarserenade.uno/og.png]
[backblue.gif]
[fade.gif]
[index.html]
[pristavkaa2.solarserenade.uno/index-2.html]
[pristavkaa2.solarserenade.uno/images/favicon.png]
[pristavkaa2.solarserenade.uno/css/push.css]
[pristavkaa2.solarserenade.uno/css/ProximaStara.css]
[pristavkaa2.solarserenade.uno/css/Bratello.css]
[pristavkaa2.solarserenade.uno/css/fontss.css]
[pristavkaa2.solarserenade.uno/css/slicka.css]
[pristavkaa2.solarserenade.uno/css/options.css]
[pristavkaa2.solarserenade.uno/css/nastyle.css]
[pristavkaa2.solarserenade.uno/css/swiper-bundle.min.css]
[pristavkaa2.solarserenade.uno/css/all.min.css]
[pristavkaa2.solarserenade.uno/images/ADhTyuE4T3ar.jpg]
[pristavkaa2.solarserenade.uno/images/XS6fbttaUIgm.png]
[pristavkaa2.solarserenade.uno/images/LKvurt5AgpH6.png]
[pristavkaa2.solarserenade.uno/images/g9nXtD5LDSge.jpg]
[pristavkaa2.solarserenade.uno/images/1_1.jpg]
[pristavkaa2.solarserenade.uno/media/1.mp4]
[pristavkaa2.solarserenade.uno/images/2.webp]
[pristavkaa2.solarserenade.uno/images/3.webp]
[pristavkaa2.solarserenade.uno/images/4.webp]
[pristavkaa2.solarserenade.uno/images/5.webp]
[pristavkaa2.solarserenade.uno/images/6.webp]
[pristavkaa2.solarserenade.uno/images/7.webp]
[pristavkaa2.solarserenade.uno/images/8.webp]
[pristavkaa2.solarserenade.uno/images/9.webp]
[pristavkaa2.solarserenade.uno/images/ava3.webp]
[pristavkaa2.solarserenade.uno/images/11.webp]
[pristavkaa2.solarserenade.uno/images/ava1.webp]
[pristavkaa2.solarserenade.uno/images/ava2.webp]
[pristavkaa2.solarserenade.uno/images/10.webp]
[pristavkaa2.solarserenade.uno/images/ava4.webp]
[pristavkaa2.solarserenade.uno/politics.html]
[pristavkaa2.solarserenade.uno/oferta.html]
[pristavkaa2.solarserenade.uno/usersagitment.html]
[pristavkaa2.solarserenade.uno/conditions.html]
[pristavkaa2.solarserenade.uno/js/jquery-3.5.1.min.js]
[pristavkaa2.solarserenade.uno/index.html]
[pristavkaa2.solarserenade.uno/og.html]
[pristavkaa2.solarserenade.uno/index-2.html]
[pristavkaa2.solarserenade.uno/css/push.css]
[pristavkaa2.solarserenade.uno/js/maskedinput.js]
[pristavkaa2.solarserenade.uno/fonts/ProximaNova-Light.woff2]
[pristavkaa2.solarserenade.uno/fonts/ProximaNova-Light.woff]
[pristavkaa2.solarserenade.uno/fonts/ProximaNova-Light.ttf]
[pristavkaa2.solarserenade.uno/fonts/ProximaNova-Regular.woff2]
[pristavkaa2.solarserenade.uno/fonts/ProximaNova-Regular.woff]
[pristavkaa2.solarserenade.uno/fonts/ProximaNova-Regular.ttf]
[pristavkaa2.solarserenade.uno/fonts/ProximaNova-Semibold.woff2]
[pristavkaa2.solarserenade.uno/fonts/ProximaNova-Semibold.woff]
[pristavkaa2.solarserenade.uno/fonts/ProximaNova-Semibold.ttf]
[pristavkaa2.solarserenade.uno/fonts/ProximaNova-Bold.woff2]
[pristavkaa2.solarserenade.uno/fonts/ProximaNova-Bold.woff]
[pristavkaa2.solarserenade.uno/fonts/ProximaNova-Bold.ttf]
[pristavkaa2.solarserenade.uno/css/ProximaStara.css]
[pristavkaa2.solarserenade.uno/css/Bratello.css]
[pristavkaa2.solarserenade.uno/css/fontss.css]
[pristavkaa2.solarserenade.uno/css/slicka.css]
[pristavkaa2.solarserenade.uno/css/options.html]
[pristavkaa2.solarserenade.uno/images/913f9ab434313437ea4eea2c5c71837785926a22.jpg]
[pristavkaa2.solarserenade.uno/images/name.png]
[pristavkaa2.solarserenade.uno/images/phone.png]
[pristavkaa2.solarserenade.uno/images/order-icon1.png]
[pristavkaa2.solarserenade.uno/images/order-icon2.png]
[pristavkaa2.solarserenade.uno/images/order-icon3.png]
[pristavkaa2.solarserenade.uno/images/offer3__benefit1_icon.png]
[pristavkaa2.solarserenade.uno/images/offer3__benefit2_icon.png]
[pristavkaa2.solarserenade.uno/images/offer3__benefit3_icon.png]
[pristavkaa2.solarserenade.uno/images/offer__tick_icon.png]
[pristavkaa2.solarserenade.uno/css/nastyle.css]
[pristavkaa2.solarserenade.uno/css/swiper-bundle.min.css]
[pristavkaa2.solarserenade.uno/css/all.min.css]
[pristavkaa2.solarserenade.uno/politics.html]
[pristavkaa2.solarserenade.uno/oferta.html]
[pristavkaa2.solarserenade.uno/usersagitment.html]
[pristavkaa2.solarserenade.uno/conditions.html]
[pristavkaa2.solarserenade.uno/fonts/ProximaNova-Light.html]
[pristavkaa2.solarserenade.uno/fonts/ProximaNova-Light-2.html]
[pristavkaa2.solarserenade.uno/fonts/ProximaNova-Light-3.html]
[pristavkaa2.solarserenade.uno/fonts/ProximaNova-Regular.html]
[pristavkaa2.solarserenade.uno/fonts/ProximaNova-Regular-2.html]
[pristavkaa2.solarserenade.uno/fonts/ProximaNova-Regular-3.html]
[pristavkaa2.solarserenade.uno/fonts/ProximaNova-Semibold.html]
[pristavkaa2.solarserenade.uno/fonts/ProximaNova-Semibold-2.html]
[pristavkaa2.solarserenade.uno/fonts/ProximaNova-Semibold-3.html]
[pristavkaa2.solarserenade.uno/fonts/ProximaNova-Bold.html]
[pristavkaa2.solarserenade.uno/fonts/ProximaNova-Bold-2.html]
[pristavkaa2.solarserenade.uno/fonts/ProximaNova-Bold-3.html]
